[1;31merror[0m[T0001]: [1;31minvalid operation: '??' operator requires optional type, got i32
[0m[34m  --> /home/fuad/Dev/Ferret-Language/Ferret/smoke_test/extra/27_map_compound.fer:11:23
[0m[90m   | [0m[90m
[0m[37m11 | [0m[37m    [0m[37mio[0m[37m:[0m[37m:[0m[37mPrintln[0m[37m([0m[37mscores[0m[37m[[0m[38;5;120m"alpha"[0m[37m][0m[37m [0m[37m?[0m[37m?[0m[37m [0m[38;5;215m0[0m[37m)[0m[37m;[0m
[90m   | [0m                      [31m~~~~~~~~~[0m[31m this has type i32, which is not optional[0m
[90m   | [0m[90m
[0m   [32m= help: [0mthe '??' operator unwraps optional values; use it with optional types like 'i32?', 'str?', etc.

[1;31merror[0m[T0001]: [1;31mtype mismatch in parameter 'values'
[0m[34m  --> /home/fuad/Dev/Ferret-Language/Ferret/smoke_test/extra/27_map_compound.fer:11:23
[0m[90m   | [0m[90m
[0m[37m11 | [0m[37m    [0m[37mio[0m[37m:[0m[37m:[0m[37mPrintln[0m[37m([0m[37mscores[0m[37m[[0m[38;5;120m"alpha"[0m[37m][0m[37m [0m[37m?[0m[37m?[0m[37m [0m[38;5;215m0[0m[37m)[0m[37m;[0m
[90m   | [0m                      [31m~~~~~~~~~~~~~~[0m[31m expected Printable, found unknown[0m
[90m   | [0m[90m
[0m
[1;31merror[0m[T0001]: [1;31minvalid operation: '??' operator requires optional type, got i32
[0m[34m  --> /home/fuad/Dev/Ferret-Language/Ferret/smoke_test/extra/27_map_compound.fer:11:23
[0m[90m   | [0m[90m
[0m[37m11 | [0m[37m    [0m[37mio[0m[37m:[0m[37m:[0m[37mPrintln[0m[37m([0m[37mscores[0m[37m[[0m[38;5;120m"alpha"[0m[37m][0m[37m [0m[37m?[0m[37m?[0m[37m [0m[38;5;215m0[0m[37m)[0m[37m;[0m
[90m   | [0m                      [31m~~~~~~~~~[0m[31m this has type i32, which is not optional[0m
[90m   | [0m[90m
[0m   [32m= help: [0mthe '??' operator unwraps optional values; use it with optional types like 'i32?', 'str?', etc.

[1;31merror[0m[T0001]: [1;31minvalid operation: '??' operator requires optional type, got i32
[0m[34m  --> /home/fuad/Dev/Ferret-Language/Ferret/smoke_test/extra/27_map_compound.fer:12:23
[0m[90m   | [0m[90m
[0m[90m11 | [0m[90m[0m[37m    [0m[37mio[0m[37m:[0m[37m:[0m[37mPrintln[0m[37m([0m[37mscores[0m[37m[[0m[38;5;120m"alpha"[0m[37m][0m[37m [0m[37m?[0m[37m?[0m[37m [0m[38;5;215m0[0m[37m)[0m[37m;[0m
[37m12 | [0m[37m    [0m[37mio[0m[37m:[0m[37m:[0m[37mPrintln[0m[37m([0m[37mscores[0m[37m[[0m[38;5;120m"beta"[0m[37m][0m[37m [0m[37m?[0m[37m?[0m[37m [0m[38;5;215m0[0m[37m)[0m[37m;[0m
[90m   | [0m                      [31m~~~~~~~~[0m[31m this has type i32, which is not optional[0m
[90m   | [0m[90m
[0m   [32m= help: [0mthe '??' operator unwraps optional values; use it with optional types like 'i32?', 'str?', etc.

[1;31merror[0m[T0001]: [1;31mtype mismatch in parameter 'values'
[0m[34m  --> /home/fuad/Dev/Ferret-Language/Ferret/smoke_test/extra/27_map_compound.fer:12:23
[0m[90m   | [0m[90m
[0m[90m11 | [0m[90m[0m[37m    [0m[37mio[0m[37m:[0m[37m:[0m[37mPrintln[0m[37m([0m[37mscores[0m[37m[[0m[38;5;120m"alpha"[0m[37m][0m[37m [0m[37m?[0m[37m?[0m[37m [0m[38;5;215m0[0m[37m)[0m[37m;[0m
[37m12 | [0m[37m    [0m[37mio[0m[37m:[0m[37m:[0m[37mPrintln[0m[37m([0m[37mscores[0m[37m[[0m[38;5;120m"beta"[0m[37m][0m[37m [0m[37m?[0m[37m?[0m[37m [0m[38;5;215m0[0m[37m)[0m[37m;[0m
[90m   | [0m                      [31m~~~~~~~~~~~~~[0m[31m expected Printable, found unknown[0m
[90m   | [0m[90m
[0m
[1;31merror[0m[T0001]: [1;31minvalid operation: '??' operator requires optional type, got i32
[0m[34m  --> /home/fuad/Dev/Ferret-Language/Ferret/smoke_test/extra/27_map_compound.fer:12:23
[0m[90m   | [0m[90m
[0m[90m11 | [0m[90m[0m[37m    [0m[37mio[0m[37m:[0m[37m:[0m[37mPrintln[0m[37m([0m[37mscores[0m[37m[[0m[38;5;120m"alpha"[0m[37m][0m[37m [0m[37m?[0m[37m?[0m[37m [0m[38;5;215m0[0m[37m)[0m[37m;[0m
[37m12 | [0m[37m    [0m[37mio[0m[37m:[0m[37m:[0m[37mPrintln[0m[37m([0m[37mscores[0m[37m[[0m[38;5;120m"beta"[0m[37m][0m[37m [0m[37m?[0m[37m?[0m[37m [0m[38;5;215m0[0m[37m)[0m[37m;[0m
[90m   | [0m                      [31m~~~~~~~~[0m[31m this has type i32, which is not optional[0m
[90m   | [0m[90m
[0m   [32m= help: [0mthe '??' operator unwraps optional values; use it with optional types like 'i32?', 'str?', etc.

[31m
Compilation failed with 6 error(s)[0m
